\BOOKMARK [1][-]{section.1}{\376\377\162\114\164\006}{}% 1
\BOOKMARK [2][-]{subsection.1.1}{\376\377\217\272\137\065\060\150\060\135\060\156\211\007\124\010\137\142}{section.1}% 2
\BOOKMARK [2][-]{subsection.1.2}{\376\377\131\026\135\114\137\065\060\150\060\135\060\156\211\007\124\010\137\142}{section.1}% 3
\BOOKMARK [2][-]{subsection.1.3}{\376\377\211\007\124\010\144\055\133\120}{section.1}% 4
\BOOKMARK [2][-]{subsection.1.4}{\376\377\116\041\135\114\137\065}{section.1}% 5
\BOOKMARK [2][-]{subsection.1.5}{\376\377\116\041\227\142\135\114\137\065}{section.1}% 6
\BOOKMARK [2][-]{subsection.1.6}{\376\377\116\011\135\114\137\065\060\373\126\333\135\114\137\065\060\373\135\114\137\065\124\053\060\177\060\156\211\007\124\010\137\142}{section.1}% 7
\BOOKMARK [2][-]{subsection.1.7}{\376\377\116\046\060\163\133\376\133\120}{section.1}% 8
\BOOKMARK [2][-]{subsection.1.8}{\376\377\230\333\060\163\133\376\133\120}{section.1}% 9
\BOOKMARK [2][-]{subsection.1.9}{\376\377\133\376\133\120\131\026\060\127}{section.1}% 10
\BOOKMARK [2][-]{subsection.1.10}{\376\377\155\156\060\113\060\133\142\123\060\141}{section.1}% 11
\BOOKMARK [2][-]{subsection.1.11}{\376\377\0002\0003\0003\0005\060\156\137\142}{section.1}% 12
\BOOKMARK [2][-]{subsection.1.12}{\376\377\0001\0001\0002\0002\0004\0006\060\156\137\142}{section.1}% 13
\BOOKMARK [2][-]{subsection.1.13}{\376\377\0006\0008\0008\0009\060\156\137\142}{section.1}% 14
\BOOKMARK [2][-]{subsection.1.14}{\376\377\0001\0003\0004\060\156\0001\060\114\060\311\060\351}{section.1}% 15
\BOOKMARK [2][-]{subsection.1.15}{\376\377\0005\0007\0008\060\156\0005\060\114\215\144\060\311\060\351}{section.1}% 16
\BOOKMARK [2][-]{subsection.1.16}{\376\377\131\032\227\142\137\065}{section.1}% 17
\BOOKMARK [2][-]{subsection.1.17}{\376\377\0005\060\326\060\355\060\303\060\257\060\150\0006\060\326\060\355\060\303\060\257\060\156\220\170\142\236}{section.1}% 18
\BOOKMARK [2][-]{subsection.1.18}{\376\377\116\000\124\021\200\164\000\050\0001\000\051\377\032\172\056\230\136}{section.1}% 19
\BOOKMARK [2][-]{subsection.1.19}{\376\377\116\000\124\021\200\164\000\050\0002\000\051\377\032\220\170\142\236}{section.1}% 20
\BOOKMARK [2][-]{subsection.1.20}{\376\377\124\021\200\164\142\073\060\127}{section.1}% 21
